// Jest Snapshot v1, https://goo.gl/fbAQLP

exports[`Render DeleteModal render correctly component 1`] = `ShallowWrapper {}`;
